101: The desired room was not found
102: Your reservation was not found
104: Successfully added.
105: Successfully modefied.
106: Successfully deleted.
108: Your account balance is not enough
109: The room capacity is full
110: Successfully done.
111: This room already exists.
201: User logged out successfully.
230: User logged in.
231: User successfully signed up.
311: User signed up. Enter your password, purse, phone and address.
312: Information was changed successfully.
401: Invalid value!
403: Access denied!
412: Invalid capacity value!
413: Successfully leaving.
430: Invalid username or password.
451: User already existed!
503: Bad sequence of commands.